New Volume : TEST  
Old Volume : TEST  
Old Volume : TEST  
